Model Accuracy: 0.85
Confusion matrix saved to: /app/graphs/confusion_matrix.png
ROC curve saved to: /app/graphs/roc_curve.png
